Thu, 31 Oct 2019 09:50:16 - root - ERROR - HTTPConnectionPool(host='my_propxy', port=5010): Max retries exceeded with url: /get/ (Caused by NewConnectionError('<urllib3.connection.HTTPConnection object at 0x00000277DB83CAC0>: Failed to establish a new connection: [WinError 10060] 由于连接方在一段时间后没有正确答复或连接的主机没有反应，连接尝试失败。'))
Thu, 31 Oct 2019 09:53:54 - root - INFO - Succeed get user info: 6000	207.732257604599
Thu, 31 Oct 2019 09:53:54 - root - INFO - Succeed get user info: 6750	207.73325562477112
Thu, 31 Oct 2019 09:53:54 - root - INFO - Succeed get user info: 6500	207.73624730110168
Thu, 31 Oct 2019 09:53:54 - root - INFO - Succeed get user info: 6250	207.73624730110168
Thu, 31 Oct 2019 09:53:54 - root - INFO - Succeed get user info: 7500	207.73724484443665
Thu, 31 Oct 2019 09:53:54 - root - INFO - Succeed get user info: 7000	207.73826050758362
Thu, 31 Oct 2019 09:53:54 - root - INFO - Succeed get user info: 5500	207.7462236881256
Thu, 31 Oct 2019 09:53:54 - root - INFO - Succeed get user info: 5250	207.75021076202393
Thu, 31 Oct 2019 09:53:54 - root - INFO - Succeed get user info: 7250	208.1082684993744
Thu, 31 Oct 2019 09:53:55 - root - INFO - Succeed get user info: 6751	208.34563422203064
Thu, 31 Oct 2019 09:53:55 - root - INFO - Succeed get user info: 6001	208.36160492897034
Thu, 31 Oct 2019 09:53:55 - root - INFO - Succeed get user info: 7001	208.7395782470703
Thu, 31 Oct 2019 09:53:55 - root - INFO - Succeed get user info: 5251	208.95899152755737
Thu, 31 Oct 2019 09:53:56 - root - INFO - Succeed get user info: 5252	209.57091999053955
Thu, 31 Oct 2019 09:53:56 - root - ERROR - Expecting value: line 1 column 1 (char 0)
Thu, 31 Oct 2019 09:53:56 - root - INFO - Succeed get user info: 6501	209.924724817276
Thu, 31 Oct 2019 09:53:56 - root - INFO - Succeed get user info: 5253	210.07912349700928
Thu, 31 Oct 2019 09:53:57 - root - ERROR - Expecting value: line 1 column 1 (char 0)
Thu, 31 Oct 2019 09:53:57 - root - INFO - Succeed get user info: 6252	210.82468700408936
Thu, 31 Oct 2019 09:53:58 - root - ERROR - Error: https://space.bilibili.com/5254
Thu, 31 Oct 2019 09:53:58 - root - INFO - Succeed get user info: 5255	211.35857272148132
Thu, 31 Oct 2019 09:53:58 - root - INFO - Succeed get user info: 7251	211.36059379577637
Thu, 31 Oct 2019 09:53:58 - root - INFO - Succeed get user info: 7002	211.4715187549591
Thu, 31 Oct 2019 09:53:58 - root - INFO - Succeed get user info: 6253	211.5283784866333
Thu, 31 Oct 2019 09:53:58 - root - ERROR - Expecting value: line 2 column 1 (char 2)
Thu, 31 Oct 2019 09:53:58 - root - INFO - Succeed get user info: 6002	211.97571778297424
Thu, 31 Oct 2019 09:53:58 - root - ERROR - 'regtime'
Thu, 31 Oct 2019 09:53:59 - root - INFO - Succeed get user info: 6752	212.3836374282837
Thu, 31 Oct 2019 09:53:59 - root - INFO - Succeed get user info: 6255	212.48735928535461
Thu, 31 Oct 2019 09:53:59 - root - INFO - Succeed get user info: 7253	212.70178890228271
Thu, 31 Oct 2019 09:53:59 - root - INFO - Succeed get user info: 5256	212.87541365623474
Thu, 31 Oct 2019 09:53:59 - root - ERROR - 'regtime'
Thu, 31 Oct 2019 09:54:00 - root - INFO - Succeed get user info: 6753	213.35811352729797
Thu, 31 Oct 2019 09:54:00 - root - INFO - Succeed get user info: 6003	213.41643261909485
Thu, 31 Oct 2019 09:54:12 - root - INFO - Succeed get user info: 7003	226.05632519721985
Thu, 31 Oct 2019 09:54:16 - root - INFO - Succeed get user info: 7004	229.80088758468628
Thu, 31 Oct 2019 09:54:18 - root - INFO - Succeed get user info: 7502	231.56633520126343
Thu, 31 Oct 2019 09:54:19 - root - INFO - Succeed get user info: 7503	232.43683099746704
Thu, 31 Oct 2019 09:54:19 - root - INFO - Succeed get user info: 7504	232.98507404327393
Thu, 31 Oct 2019 09:54:28 - root - INFO - Succeed get user info: 9750	241.79037237167358
Thu, 31 Oct 2019 09:54:50 - root - ERROR - HTTPConnectionPool(host='my_propxy', port=5010): Max retries exceeded with url: /get/ (Caused by NewConnectionError('<urllib3.connection.HTTPConnection object at 0x000001DD3D7EB550>: Failed to establish a new connection: [WinError 10060] 由于连接方在一段时间后没有正确答复或连接的主机没有反应，连接尝试失败。'))
Thu, 31 Oct 2019 09:56:44 - root - ERROR - Error: https://space.bilibili.com/2500
Thu, 31 Oct 2019 09:56:45 - root - INFO - Succeed get user info: 2501	22.642597913742065
Thu, 31 Oct 2019 09:57:23 - root - INFO - Succeed get user info: 0	2.1991190910339355
Thu, 31 Oct 2019 09:57:45 - root - INFO - Succeed get user info: 2500	24.367755889892578
Thu, 31 Oct 2019 09:57:46 - root - INFO - Succeed get user info: 2501	25.62526249885559
Thu, 31 Oct 2019 09:58:17 - root - INFO - Succeed get user info: 5000	56.09145164489746
Thu, 31 Oct 2019 09:58:43 - root - ERROR - Expecting value: line 1 column 1 (char 0)
Thu, 31 Oct 2019 09:58:43 - root - ERROR - can only concatenate str (not "ProxyError") to str
Thu, 31 Oct 2019 10:01:22 - root - INFO - 执行开始
Thu, 31 Oct 2019 10:01:22 - root - INFO - 执行开始
Thu, 31 Oct 2019 10:01:22 - root - INFO - 执行开始
Thu, 31 Oct 2019 10:01:22 - root - INFO - 执行开始
Thu, 31 Oct 2019 10:01:22 - root - INFO - 执行开始
Thu, 31 Oct 2019 10:01:22 - root - INFO - 执行开始
Thu, 31 Oct 2019 10:01:22 - root - INFO - 执行开始
Thu, 31 Oct 2019 10:01:22 - root - INFO - 执行开始
Thu, 31 Oct 2019 10:01:22 - root - ERROR - Expecting value: line 1 column 1 (char 0)
Thu, 31 Oct 2019 10:01:22 - root - INFO - 执行开始
Thu, 31 Oct 2019 10:01:22 - root - ERROR - Expecting value: line 1 column 1 (char 0)
Thu, 31 Oct 2019 10:01:22 - root - INFO - 执行开始
Thu, 31 Oct 2019 10:01:22 - root - INFO - Succeed get user info: 1252	0.39743685722351074
Thu, 31 Oct 2019 10:01:22 - root - INFO - 执行开始
Thu, 31 Oct 2019 10:01:22 - root - INFO - Succeed get user info: 940	0.7604801654815674
Thu, 31 Oct 2019 10:01:23 - root - INFO - Succeed get user info: 1879	1.0117645263671875
Thu, 31 Oct 2019 10:01:23 - root - INFO - 执行开始
Thu, 31 Oct 2019 10:01:23 - root - ERROR - Expecting value: line 1 column 1 (char 0)
Thu, 31 Oct 2019 10:01:23 - root - INFO - 执行开始
Thu, 31 Oct 2019 10:01:23 - root - INFO - Succeed get user info: 1253	1.254514455795288
Thu, 31 Oct 2019 10:01:23 - root - INFO - 执行开始
Thu, 31 Oct 2019 10:01:23 - root - INFO - 执行开始
Thu, 31 Oct 2019 10:01:23 - root - INFO - 执行开始
Thu, 31 Oct 2019 10:01:24 - root - INFO - Succeed get user info: 1254	2.279003143310547
Thu, 31 Oct 2019 10:01:24 - root - INFO - Succeed get user info: 313	2.3069303035736084
Thu, 31 Oct 2019 10:01:24 - root - INFO - 执行开始
Thu, 31 Oct 2019 10:01:24 - root - INFO - 执行开始
Thu, 31 Oct 2019 10:01:24 - root - ERROR - Expecting value: line 1 column 1 (char 0)
Thu, 31 Oct 2019 10:01:24 - root - INFO - 执行开始
Thu, 31 Oct 2019 10:01:25 - root - INFO - Succeed get user info: 2504	3.0118491649627686
Thu, 31 Oct 2019 10:01:25 - root - INFO - Succeed get user info: 314	3.272279739379883
Thu, 31 Oct 2019 10:01:25 - root - INFO - 执行开始
Thu, 31 Oct 2019 10:01:25 - root - ERROR - Expecting value: line 1 column 1 (char 0)
Thu, 31 Oct 2019 10:01:25 - root - INFO - 执行开始
Thu, 31 Oct 2019 10:01:25 - root - INFO - 执行开始
Thu, 31 Oct 2019 10:01:25 - root - ERROR - Expecting value: line 1 column 1 (char 0)
Thu, 31 Oct 2019 10:01:25 - root - INFO - 执行开始
Thu, 31 Oct 2019 10:01:25 - root - ERROR - Expecting value: line 1 column 1 (char 0)
Thu, 31 Oct 2019 10:01:25 - root - INFO - 执行开始
Thu, 31 Oct 2019 10:01:26 - root - INFO - Succeed get user info: 1256	4.203778028488159
Thu, 31 Oct 2019 10:01:26 - root - INFO - Succeed get user info: 2508	4.287651777267456
Thu, 31 Oct 2019 10:01:26 - root - INFO - 执行开始
Thu, 31 Oct 2019 10:01:26 - root - INFO - 执行开始
Thu, 31 Oct 2019 10:01:26 - root - INFO - Succeed get user info: 1257	4.7859885692596436
Thu, 31 Oct 2019 10:01:27 - root - INFO - 执行开始
Thu, 31 Oct 2019 10:01:27 - root - INFO - Succeed get user info: 1258	5.317502737045288
Thu, 31 Oct 2019 10:01:27 - root - INFO - Succeed get user info: 1880	5.495832443237305
Thu, 31 Oct 2019 10:01:27 - root - INFO - 执行开始
Thu, 31 Oct 2019 10:01:27 - root - INFO - 执行开始
Thu, 31 Oct 2019 10:01:28 - root - INFO - Succeed get user info: 1881	6.112406969070435
Thu, 31 Oct 2019 10:01:28 - root - INFO - Succeed get user info: 1259	6.129399061203003
Thu, 31 Oct 2019 10:01:28 - root - INFO - 执行开始
Thu, 31 Oct 2019 10:01:28 - root - INFO - 执行开始
Thu, 31 Oct 2019 10:01:31 - root - INFO - Succeed get user info: 1260	8.895307540893555
Thu, 31 Oct 2019 10:01:31 - root - INFO - 执行开始
Thu, 31 Oct 2019 10:01:31 - root - ERROR - Expecting value: line 1 column 1 (char 0)
Thu, 31 Oct 2019 10:01:31 - root - INFO - 执行开始
Thu, 31 Oct 2019 10:01:31 - root - INFO - Succeed get user info: 1262	9.592498302459717
Thu, 31 Oct 2019 10:01:31 - root - INFO - 执行开始
Thu, 31 Oct 2019 10:01:32 - root - INFO - Succeed get user info: 1263	10.215928077697754
Thu, 31 Oct 2019 10:01:32 - root - INFO - Succeed get user info: 0	10.295710563659668
Thu, 31 Oct 2019 10:01:32 - root - ERROR - 'regtime'
Thu, 31 Oct 2019 10:01:32 - root - INFO - 执行开始
Thu, 31 Oct 2019 10:01:32 - root - INFO - 执行开始
Thu, 31 Oct 2019 10:01:32 - root - INFO - 执行开始
Thu, 31 Oct 2019 10:01:32 - root - INFO - Succeed get user info: 943	10.611876726150513
Thu, 31 Oct 2019 10:01:33 - root - INFO - 执行开始
Thu, 31 Oct 2019 10:01:33 - root - ERROR - 'regtime'
Thu, 31 Oct 2019 10:01:33 - root - INFO - 执行开始
Thu, 31 Oct 2019 10:01:33 - root - INFO - Succeed get user info: 315	11.784784078598022
Thu, 31 Oct 2019 10:01:33 - root - INFO - 执行开始
Thu, 31 Oct 2019 10:01:34 - root - INFO - 执行开始
Thu, 31 Oct 2019 10:01:34 - root - INFO - Succeed get user info: 2817	12.171769142150879
Thu, 31 Oct 2019 10:01:34 - root - INFO - 执行开始
Thu, 31 Oct 2019 10:01:35 - root - INFO - Succeed get user info: 2818	13.356145858764648
Thu, 31 Oct 2019 10:01:35 - root - INFO - Succeed get user info: 1	13.540244579315186
Thu, 31 Oct 2019 10:01:35 - root - INFO - 执行开始
Thu, 31 Oct 2019 10:01:35 - root - INFO - 执行开始
Thu, 31 Oct 2019 10:01:36 - root - INFO - Succeed get user info: 2	14.242576122283936
Thu, 31 Oct 2019 10:01:36 - root - INFO - 执行开始
Thu, 31 Oct 2019 10:01:36 - root - INFO - Succeed get user info: 316	14.766849994659424
Thu, 31 Oct 2019 10:01:37 - root - INFO - 执行开始
Thu, 31 Oct 2019 10:01:37 - root - INFO - Succeed get user info: 317	15.483694076538086
Thu, 31 Oct 2019 10:01:37 - root - INFO - 执行开始
Thu, 31 Oct 2019 10:01:39 - root - INFO - Succeed get user info: 318	17.328814268112183
Thu, 31 Oct 2019 10:01:39 - root - INFO - 执行开始
Thu, 31 Oct 2019 10:01:39 - root - INFO - Succeed get user info: 3	17.740293741226196
Thu, 31 Oct 2019 10:01:40 - root - INFO - 执行开始
Thu, 31 Oct 2019 10:01:40 - root - ERROR - Expecting value: line 1 column 1 (char 0)
Thu, 31 Oct 2019 10:01:40 - root - INFO - 执行开始
Thu, 31 Oct 2019 10:01:40 - root - ERROR - Expecting value: line 1 column 1 (char 0)
Thu, 31 Oct 2019 10:01:40 - root - INFO - 执行开始
Thu, 31 Oct 2019 10:01:41 - root - ERROR - Error: https://space.bilibili.com/5
Thu, 31 Oct 2019 10:01:41 - root - INFO - 执行开始
Thu, 31 Oct 2019 10:01:41 - root - INFO - Succeed get user info: 6	19.167041540145874
Thu, 31 Oct 2019 10:01:41 - root - ERROR - 'regtime'
Thu, 31 Oct 2019 10:01:41 - root - INFO - 执行开始
Thu, 31 Oct 2019 10:01:41 - root - INFO - 执行开始
Thu, 31 Oct 2019 10:01:41 - root - INFO - Succeed get user info: 321	19.489276885986328
Thu, 31 Oct 2019 10:01:41 - root - INFO - Succeed get user info: 945	19.753580808639526
Thu, 31 Oct 2019 10:01:41 - root - INFO - 执行开始
Thu, 31 Oct 2019 10:01:41 - root - INFO - Succeed get user info: 7	19.816415309906006
Thu, 31 Oct 2019 10:01:42 - root - INFO - 执行开始
Thu, 31 Oct 2019 10:01:42 - root - INFO - Succeed get user info: 8	20.508406400680542
Thu, 31 Oct 2019 10:01:42 - root - INFO - 执行开始
Thu, 31 Oct 2019 10:01:42 - root - INFO - 执行开始
Thu, 31 Oct 2019 10:01:43 - root - INFO - Succeed get user info: 322	21.75980043411255
Thu, 31 Oct 2019 10:01:43 - root - INFO - 执行开始
Thu, 31 Oct 2019 10:01:43 - root - INFO - 执行开始
Thu, 31 Oct 2019 10:01:45 - root - INFO - Succeed get user info: 3443	23.538711071014404
Thu, 31 Oct 2019 10:01:45 - root - INFO - 执行开始
Thu, 31 Oct 2019 10:01:47 - root - INFO - Succeed get user info: 946	25.46449613571167
Thu, 31 Oct 2019 10:01:47 - root - INFO - 执行开始
Thu, 31 Oct 2019 10:01:48 - root - INFO - 执行开始
Thu, 31 Oct 2019 10:01:48 - root - INFO - Succeed get user info: 323	26.172728538513184
Thu, 31 Oct 2019 10:01:48 - root - ERROR - Expecting value: line 1 column 1 (char 0)
Thu, 31 Oct 2019 10:01:48 - root - INFO - 执行开始
Thu, 31 Oct 2019 10:01:48 - root - INFO - 执行开始
Thu, 31 Oct 2019 10:01:48 - root - INFO - 执行开始
Thu, 31 Oct 2019 10:01:49 - root - INFO - Succeed get user info: 324	27.12637495994568
Thu, 31 Oct 2019 10:01:49 - root - INFO - Succeed get user info: 3756	27.190847158432007
Thu, 31 Oct 2019 10:01:49 - root - ERROR - 'regtime'
Thu, 31 Oct 2019 10:01:49 - root - INFO - 执行开始
Thu, 31 Oct 2019 10:01:49 - root - INFO - 执行开始
Thu, 31 Oct 2019 10:01:49 - root - INFO - 执行开始
Thu, 31 Oct 2019 10:01:49 - root - INFO - Succeed get user info: 325	27.6855571269989
Thu, 31 Oct 2019 10:01:49 - root - INFO - 执行开始
Thu, 31 Oct 2019 10:01:50 - root - INFO - 执行开始
Thu, 31 Oct 2019 10:01:50 - root - INFO - Succeed get user info: 326	28.583946228027344
Thu, 31 Oct 2019 10:01:51 - root - INFO - 执行开始
Thu, 31 Oct 2019 10:01:52 - root - INFO - Succeed get user info: 4069	30.53209376335144
Thu, 31 Oct 2019 10:01:52 - root - INFO - 执行开始
Thu, 31 Oct 2019 10:01:53 - root - INFO - Succeed get user info: 948	31.821595907211304
Thu, 31 Oct 2019 10:01:54 - root - INFO - 执行开始
Thu, 31 Oct 2019 10:01:55 - root - ERROR - Error: https://space.bilibili.com/949
Thu, 31 Oct 2019 10:01:55 - root - INFO - 执行开始
Thu, 31 Oct 2019 10:01:56 - root - INFO - Succeed get user info: 950	34.50803756713867
Thu, 31 Oct 2019 10:01:56 - root - INFO - 执行开始
Thu, 31 Oct 2019 10:01:56 - root - INFO - 执行开始
Thu, 31 Oct 2019 10:01:57 - root - INFO - Succeed get user info: 4382	35.109421253204346
Thu, 31 Oct 2019 10:01:57 - root - INFO - 执行开始
Thu, 31 Oct 2019 10:01:57 - root - INFO - Succeed get user info: 4383	35.6593120098114
Thu, 31 Oct 2019 10:01:58 - root - INFO - 执行开始
Thu, 31 Oct 2019 10:01:59 - root - ERROR - Expecting value: line 1 column 1 (char 0)
Thu, 31 Oct 2019 10:01:59 - root - INFO - 执行开始
Thu, 31 Oct 2019 10:02:04 - root - INFO - Succeed get user info: 4385	42.22322368621826
Thu, 31 Oct 2019 10:02:04 - root - INFO - 执行开始
Thu, 31 Oct 2019 10:02:04 - root - INFO - 执行开始
Thu, 31 Oct 2019 10:02:05 - root - INFO - 执行开始
Thu, 31 Oct 2019 10:02:05 - root - INFO - Succeed get user info: 4386	43.87586498260498
Thu, 31 Oct 2019 10:02:06 - root - INFO - Succeed get user info: 5008	44.091296672821045
Thu, 31 Oct 2019 10:02:06 - root - INFO - 执行开始
Thu, 31 Oct 2019 10:02:06 - root - INFO - 执行开始
Thu, 31 Oct 2019 10:02:10 - root - INFO - 执行开始
Thu, 31 Oct 2019 10:02:12 - root - INFO - Succeed get user info: 4387	50.361130475997925
Thu, 31 Oct 2019 10:02:12 - root - INFO - 执行开始
Thu, 31 Oct 2019 10:02:12 - root - INFO - 执行开始
Thu, 31 Oct 2019 10:02:13 - root - INFO - Succeed get user info: 4388	51.237425804138184
Thu, 31 Oct 2019 10:02:13 - root - INFO - 执行开始
Thu, 31 Oct 2019 10:02:14 - root - INFO - Succeed get user info: 4389	51.902047872543335
Thu, 31 Oct 2019 10:02:14 - root - INFO - 执行开始
Thu, 31 Oct 2019 10:02:14 - root - INFO - Succeed get user info: 5009	52.22615718841553
Thu, 31 Oct 2019 10:02:14 - root - INFO - Succeed get user info: 5634	52.702598571777344
Thu, 31 Oct 2019 10:02:14 - root - INFO - 执行开始
Thu, 31 Oct 2019 10:02:14 - root - INFO - 执行开始
Thu, 31 Oct 2019 10:02:15 - root - INFO - 执行开始
Thu, 31 Oct 2019 10:02:15 - root - INFO - Succeed get user info: 5010	53.11285185813904
Thu, 31 Oct 2019 10:02:15 - root - INFO - Succeed get user info: 5635	53.13875079154968
Thu, 31 Oct 2019 10:02:15 - root - INFO - 执行开始
Thu, 31 Oct 2019 10:02:15 - root - INFO - 执行开始
Thu, 31 Oct 2019 10:02:15 - root - INFO - Succeed get user info: 5011	53.79117727279663
Thu, 31 Oct 2019 10:02:16 - root - INFO - 执行开始
Thu, 31 Oct 2019 10:02:17 - root - ERROR - Expecting value: line 1 column 1 (char 0)
Thu, 31 Oct 2019 10:02:17 - root - INFO - 执行开始
Thu, 31 Oct 2019 10:02:17 - root - ERROR - Expecting value: line 1 column 1 (char 0)
Thu, 31 Oct 2019 10:02:17 - root - INFO - 执行开始
Thu, 31 Oct 2019 10:02:17 - root - ERROR - Expecting value: line 1 column 1 (char 0)
Thu, 31 Oct 2019 10:02:17 - root - INFO - 执行开始
Thu, 31 Oct 2019 10:02:17 - root - INFO - Succeed get user info: 5015	55.85754418373108
Thu, 31 Oct 2019 10:02:18 - root - INFO - 执行开始
Thu, 31 Oct 2019 10:02:18 - root - INFO - 执行开始
Thu, 31 Oct 2019 10:02:20 - root - INFO - Succeed get user info: 5016	58.58131718635559
Thu, 31 Oct 2019 10:02:20 - root - INFO - Succeed get user info: 5636	58.68384766578674
Thu, 31 Oct 2019 10:02:21 - root - INFO - 执行开始
Thu, 31 Oct 2019 10:02:21 - root - INFO - 执行开始
Thu, 31 Oct 2019 10:02:21 - root - INFO - Succeed get user info: 5017	59.25433278083801
Thu, 31 Oct 2019 10:02:21 - root - INFO - 执行开始
Thu, 31 Oct 2019 10:02:22 - root - INFO - Succeed get user info: 5018	59.97251486778259
Thu, 31 Oct 2019 10:02:22 - root - INFO - Succeed get user info: 5947	60.218520641326904
Thu, 31 Oct 2019 10:02:22 - root - INFO - 执行开始
Thu, 31 Oct 2019 10:02:22 - root - INFO - Succeed get user info: 5019	60.39789032936096
Thu, 31 Oct 2019 10:02:22 - root - INFO - 执行开始
Thu, 31 Oct 2019 10:02:23 - root - INFO - 执行开始
Thu, 31 Oct 2019 10:02:23 - root - ERROR - Expecting value: line 1 column 1 (char 0)
Thu, 31 Oct 2019 10:02:23 - root - INFO - 执行开始
Thu, 31 Oct 2019 10:02:23 - root - INFO - Succeed get user info: 4391	61.51866173744202
Thu, 31 Oct 2019 10:02:23 - root - INFO - Succeed get user info: 5948	61.65749478340149
Thu, 31 Oct 2019 10:02:23 - root - INFO - 执行开始
Thu, 31 Oct 2019 10:02:24 - root - INFO - 执行开始
Thu, 31 Oct 2019 10:02:24 - root - ERROR - Expecting value: line 2 column 1 (char 2)
Thu, 31 Oct 2019 10:02:24 - root - INFO - 执行开始
Thu, 31 Oct 2019 10:02:24 - root - INFO - Succeed get user info: 5950	62.47720956802368
Thu, 31 Oct 2019 10:02:24 - root - ERROR - 'regtime'
Thu, 31 Oct 2019 10:02:24 - root - INFO - 执行开始
Thu, 31 Oct 2019 10:02:24 - root - INFO - Succeed get user info: 4392	62.6847083568573
Thu, 31 Oct 2019 10:02:24 - root - INFO - 执行开始
Thu, 31 Oct 2019 10:02:25 - root - INFO - 执行开始
Thu, 31 Oct 2019 10:02:25 - root - INFO - Succeed get user info: 4393	63.28485345840454
Thu, 31 Oct 2019 10:02:25 - root - INFO - 执行开始
Thu, 31 Oct 2019 10:02:25 - root - INFO - Succeed get user info: 4394	63.81698250770569
Thu, 31 Oct 2019 10:02:26 - root - INFO - 执行开始
Thu, 31 Oct 2019 10:02:27 - root - INFO - Succeed get user info: 5021	65.51662588119507
Thu, 31 Oct 2019 10:02:27 - root - INFO - 执行开始
Thu, 31 Oct 2019 10:02:28 - root - INFO - Succeed get user info: 4395	66.15636610984802
Thu, 31 Oct 2019 10:02:28 - root - INFO - Succeed get user info: 5022	66.22632193565369
Thu, 31 Oct 2019 10:02:28 - root - INFO - 执行开始
Thu, 31 Oct 2019 10:02:28 - root - INFO - 执行开始
Thu, 31 Oct 2019 10:02:28 - root - INFO - Succeed get user info: 4396	66.73393940925598
Thu, 31 Oct 2019 10:02:28 - root - INFO - Succeed get user info: 5023	66.86360239982605
Thu, 31 Oct 2019 10:02:29 - root - INFO - 执行开始
Thu, 31 Oct 2019 10:02:29 - root - INFO - 执行开始
Thu, 31 Oct 2019 10:02:29 - root - ERROR - Expecting value: line 1 column 1 (char 0)
Thu, 31 Oct 2019 10:02:29 - root - INFO - 执行开始
Thu, 31 Oct 2019 10:02:29 - root - INFO - Succeed get user info: 4397	67.72853565216064
Thu, 31 Oct 2019 10:02:29 - root - INFO - Succeed get user info: 5025	67.76344418525696
Thu, 31 Oct 2019 10:02:30 - root - INFO - 执行开始
Thu, 31 Oct 2019 10:02:30 - root - INFO - 执行开始
